{
  "data": null,
  "errors": [
    {
      "message": "URL contains disallowed protocol: ftp://user:p@ssw0rd@example.com/path",
      "extensions": {
        "code": "BAD_USER_INPUT"
      }
    }
  ]
}
