{
  "data": {
    "__schema": {
      "queryType": {
        "name": "Query"
      },
      "mutationType": null,
      "subscriptionType": null,
      "types": [
        {
          "kind": "OBJECT",
          "name": "Query"
        },
        {
          "kind": "SCALAR",
          "name": "String"
        },
        {
          "kind": "ENUM",
          "name": "LoadEvent"
        },
        {
          "kind": "INPUT_OBJECT",
          "name": "Options"
        },
        {
          "kind": "SCALAR",
          "name": "Int"
        },
        {
          "kind": "INPUT_OBJECT",
          "name": "Cookie"
        },
        {
          "kind": "SCALAR",
          "name": "Boolean"
        },
        {
          "kind": "ENUM",
          "name": "SameSite"
        },
        {
          "kind": "INPUT_OBJECT",
          "name": "Header"
        },
        {
          "kind": "INPUT_OBJECT",
          "name": "Viewport"
        },
        {
          "kind": "ENUM",
          "name": "Orientation"
        },
        {
          "kind": "INPUT_OBJECT",
          "name": "Location"
        },
        {
          "kind": "SCALAR",
          "name": "Float"
        },
        {
          "kind": "INPUT_OBJECT",
          "name": "Credentials"
        },
        {
          "kind": "OBJECT",
          "name": "Document"
        },
        {
          "kind": "INTERFACE",
          "name": "Node"
        },
        {
          "kind": "ENUM",
          "name": "NodeType"
        },
        {
          "kind": "OBJECT",
          "name": "Element"
        },
        {
          "kind": "OBJECT",
          "name": "Attribute"
        },
        {
          "kind": "OBJECT",
          "name": "Data"
        },
        {
          "kind": "OBJECT",
          "name": "__Schema"
        },
        {
          "kind": "OBJECT",
          "name": "__Type"
        },
        {
          "kind": "ENUM",
          "name": "__TypeKind"
        },
        {
          "kind": "OBJECT",
          "name": "__Field"
        },
        {
          "kind": "OBJECT",
          "name": "__InputValue"
        },
        {
          "kind": "OBJECT",
          "name": "__EnumValue"
        },
        {
          "kind": "OBJECT",
          "name": "__Directive"
        },
        {
          "kind": "ENUM",
          "name": "__DirectiveLocation"
        }
      ],
      "directives": [
        {
          "name": "skip"
        },
        {
          "name": "include"
        },
        {
          "name": "deprecated"
        }
      ]
    }
  }
}
