{
  "data": null,
  "errors": [
    {
      "message": "URL is invalid: https://user:%@example.com/",
      "extensions": {
        "code": "BAD_USER_INPUT"
      }
    }
  ]
}
