{
  "data": null,
  "errors": [
    {
      "message": "URL must contain protocol: URL=//example.com",
      "extensions": {
        "code": "BAD_USER_INPUT"
      }
    }
  ]
}
