{
  "data": {
    "JavaScript": {
      "title": "JavaScript - Wikipedia"
    },
    "TypeScript": {
      "title": "TypeScript - Wikipedia"
    },
    "ECMAScript": {
      "title": "ECMAScript - Wikipedia"
    }
  }
}
